// Jest Snapshot v1, https://goo.gl/fbAQLP

exports[`/companies /jobs match a snapshot, works with login 1`] = `
<DocumentFragment>
  <div
    class="Loading display-1 d-flex flex-column justify-content-center text-center"
    data-testid="loading"
  >
    <div>
      <svg
        aria-hidden="true"
        class="svg-inline--fa fa-spinner fa-w-16 fa-spin fa-lg "
        data-icon="spinner"
        data-prefix="fas"
        focusable="false"
        role="img"
        viewBox="0 0 512 512"
        xmlns="http://www.w3.org/2000/svg"
      >
        <path
          d="M304 48c0 26.51-21.49 48-48 48s-48-21.49-48-48 21.49-48 48-48 48 21.49 48 48zm-48 368c-26.51 0-48 21.49-48 48s21.49 48 48 48 48-21.49 48-48-21.49-48-48-48zm208-208c-26.51 0-48 21.49-48 48s21.49 48 48 48 48-21.49 48-48-21.49-48-48-48zM96 256c0-26.51-21.49-48-48-48S0 229.49 0 256s21.49 48 48 48 48-21.49 48-48zm12.922 99.078c-26.51 0-48 21.49-48 48s21.49 48 48 48 48-21.49 48-48c0-26.509-21.491-48-48-48zm294.156 0c-26.51 0-48 21.49-48 48s21.49 48 48 48 48-21.49 48-48c0-26.509-21.49-48-48-48zM108.922 60.922c-26.51 0-48 21.49-48 48s21.49 48 48 48 48-21.49 48-48-21.491-48-48-48z"
          fill="currentColor"
        />
      </svg>
    </div>
  </div>
</DocumentFragment>
`;

exports[`test login 1`] = `
<DocumentFragment>
  <div
    class="App"
  >
    <nav
      class="navbar navbar-expand-sm navbar-light bg-light"
    >
      <div
        class="container"
      >
        <span
          class="navbar-brand"
        >
          <a
            class="fw-bolder text-primary"
            href="/"
          >
            Jobly
          </a>
        </span>
        <button
          aria-controls="basic-navbar-nav"
          aria-label="Toggle navigation"
          class="navbar-toggler collapsed"
          type="button"
        >
          <span
            class="navbar-toggler-icon"
          />
        </button>
        <div
          class="justify-content-end navbar-collapse collapse"
        >
          <div
            class="me-auto navbar-nav"
          />
        </div>
      </div>
    </nav>
    <div
      class="LoginForm d-flex flex-column justify-content-center"
    >
      <h1
        class="text-center"
      >
        User Login
      </h1>
      <p
        class="text-danger"
      />
      <form
        class="text-left "
      >
        <div
          class="mb-3"
        >
          <label
            class="form-label"
            for="username"
          >
            Username
          </label>
          <input
            class="form-control"
            id="username"
            minlength="0"
            name="username"
            placeholder="Enter username"
            required=""
            type="text"
            value=""
          />
          <div
            class="form-text"
          />
          <span
            class="text-danger"
          />
        </div>
        <div
          class="mb-3"
        >
          <label
            class="form-label"
            for="username"
          >
            Password
          </label>
          <input
            class="form-control"
            id="password"
            minlength="0"
            name="password"
            placeholder="Enter password"
            required=""
            type="password"
            value=""
          />
          <div
            class="form-text"
          />
          <span
            class="text-danger"
          />
        </div>
        <div
          class="mb-3 text-center"
        >
          <button
            class="btn btn-primary btn-lg"
            type="submit"
          >
            Login
          </button>
        </div>
        <div
          class="mb-3 text-center form-text"
        >
          No account? just 
          <a
            href="/signup"
          >
            Signup
          </a>
          .
        </div>
      </form>
    </div>
  </div>
</DocumentFragment>
`;
